2026-10-03 16:54:33.207: [INFO] CurrentProfilePath: C:\Coding\task\Assignments\ComplaintManagementSystem\.metadata\.plugins\org.eclipse.swt\EBWebView\Default
2026-10-03 16:54:33.207: [INFO] Profiles total count: 1
2026-10-03 16:54:33.207: [INFO] Profile: name=Profile 1 path=C:\Coding\task\Assignments\ComplaintManagementSystem\.metadata\.plugins\org.eclipse.swt\EBWebView\Default lastActive=null
2026-10-03 16:54:33.207: [INFO] LastUsedProfileDir: C:\Coding\task\Assignments\ComplaintManagementSystem\.metadata\.plugins\org.eclipse.swt\EBWebView\Default
2026-10-03 16:54:33.207: [INFO] OnDoneLoading sync enabled: 0
2026-10-03 16:54:33.207: [INFO] BookmarkModelLoaded, ids_reassigned: 0
2026-10-03 16:54:33.207: [INFO] BookmarksLoadDropped droppedNodes=0
2026-10-03 16:54:33.207: [INFO] BookmarksSnapshot Startup total=0 bar=0 other=0 mobile=0 showBar=0 showBarNTP=1
2026-10-03 16:54:39.097: [INFO] BookmarksSnapshot Shutdown total=0 bar=0 other=0 mobile=0 showBar=0 showBarNTP=1
2026-10-03 16:54:44.892: [INFO] CurrentProfilePath: C:\Coding\task\Assignments\ComplaintManagementSystem\.metadata\.plugins\org.eclipse.swt\EBWebView\Default
2026-10-03 16:54:44.892: [INFO] Profiles total count: 1
2026-10-03 16:54:44.892: [INFO] Profile: name=Profile 1 path=C:\Coding\task\Assignments\ComplaintManagementSystem\.metadata\.plugins\org.eclipse.swt\EBWebView\Default lastActive=2026-10-03T16:54:34.196Z
2026-10-03 16:54:44.892: [INFO] LastUsedProfileDir: C:\Coding\task\Assignments\ComplaintManagementSystem\.metadata\.plugins\org.eclipse.swt\EBWebView\Default
2026-10-03 16:54:44.892: [INFO] MostRecentlyActiveProfile: name=Profile 1 path=C:\Coding\task\Assignments\ComplaintManagementSystem\.metadata\.plugins\org.eclipse.swt\EBWebView\Default lastActive=2026-10-03T16:54:34.196Z
2026-10-03 16:54:44.892: [INFO] OnDoneLoading sync enabled: 0
2026-10-03 16:54:44.892: [INFO] BookmarkModelLoaded, ids_reassigned: 0
2026-10-03 16:54:44.892: [INFO] BookmarksLoadDropped droppedNodes=0
2026-10-03 16:54:44.892: [INFO] BookmarksSnapshot Startup total=0 bar=0 other=0 mobile=0 showBar=0 showBarNTP=1
2026-10-03 18:02:50.346: [INFO] BookmarksSnapshot Shutdown total=0 bar=0 other=0 mobile=0 showBar=0 showBarNTP=1
2026-10-03 18:03:27.908: [INFO] CurrentProfilePath: C:\Coding\task\Assignments\ComplaintManagementSystem\.metadata\.plugins\org.eclipse.swt\EBWebView\Default
2026-10-03 18:03:27.908: [INFO] Profiles total count: 1
2026-10-03 18:03:27.908: [INFO] Profile: name=Profile 1 path=C:\Coding\task\Assignments\ComplaintManagementSystem\.metadata\.plugins\org.eclipse.swt\EBWebView\Default lastActive=2026-10-03T16:54:34.196Z
2026-10-03 18:03:27.908: [INFO] LastUsedProfileDir: C:\Coding\task\Assignments\ComplaintManagementSystem\.metadata\.plugins\org.eclipse.swt\EBWebView\Default
2026-10-03 18:03:27.908: [INFO] MostRecentlyActiveProfile: name=Profile 1 path=C:\Coding\task\Assignments\ComplaintManagementSystem\.metadata\.plugins\org.eclipse.swt\EBWebView\Default lastActive=2026-10-03T16:54:34.196Z
2026-10-03 18:03:27.908: [INFO] OnDoneLoading sync enabled: 0
2026-10-03 18:03:27.908: [INFO] BookmarkModelLoaded, ids_reassigned: 0
2026-10-03 18:03:27.908: [INFO] BookmarksLoadDropped droppedNodes=0
2026-10-03 18:03:27.908: [INFO] BookmarksSnapshot Startup total=0 bar=0 other=0 mobile=0 showBar=0 showBarNTP=1
2026-10-03 18:05:45.399: [INFO] BookmarksSnapshot Shutdown total=0 bar=0 other=0 mobile=0 showBar=0 showBarNTP=1
2026-10-03 18:06:18.574: [INFO] CurrentProfilePath: C:\Coding\task\Assignments\ComplaintManagementSystem\.metadata\.plugins\org.eclipse.swt\EBWebView\Default
2026-10-03 18:06:18.574: [INFO] Profiles total count: 1
2026-10-03 18:06:18.575: [INFO] Profile: name=Profile 1 path=C:\Coding\task\Assignments\ComplaintManagementSystem\.metadata\.plugins\org.eclipse.swt\EBWebView\Default lastActive=2026-10-03T16:54:34.196Z
2026-10-03 18:06:18.575: [INFO] LastUsedProfileDir: C:\Coding\task\Assignments\ComplaintManagementSystem\.metadata\.plugins\org.eclipse.swt\EBWebView\Default
2026-10-03 18:06:18.575: [INFO] MostRecentlyActiveProfile: name=Profile 1 path=C:\Coding\task\Assignments\ComplaintManagementSystem\.metadata\.plugins\org.eclipse.swt\EBWebView\Default lastActive=2026-10-03T16:54:34.196Z
2026-10-03 18:06:18.575: [INFO] OnDoneLoading sync enabled: 0
2026-10-03 18:06:18.575: [INFO] BookmarkModelLoaded, ids_reassigned: 0
2026-10-03 18:06:18.575: [INFO] BookmarksLoadDropped droppedNodes=0
2026-10-03 18:06:18.575: [INFO] BookmarksSnapshot Startup total=0 bar=0 other=0 mobile=0 showBar=0 showBarNTP=1
2026-10-03 18:20:10.598: [INFO] BookmarksSnapshot Shutdown total=0 bar=0 other=0 mobile=0 showBar=0 showBarNTP=1
2026-10-03 18:31:00.204: [INFO] CurrentProfilePath: C:\Coding\task\Assignments\ComplaintManagementSystem\.metadata\.plugins\org.eclipse.swt\EBWebView\Default
2026-10-03 18:31:00.204: [INFO] Profiles total count: 1
2026-10-03 18:31:00.204: [INFO] Profile: name=Profile 1 path=C:\Coding\task\Assignments\ComplaintManagementSystem\.metadata\.plugins\org.eclipse.swt\EBWebView\Default lastActive=2026-10-03T16:54:34.196Z
2026-10-03 18:31:00.204: [INFO] LastUsedProfileDir: C:\Coding\task\Assignments\ComplaintManagementSystem\.metadata\.plugins\org.eclipse.swt\EBWebView\Default
2026-10-03 18:31:00.204: [INFO] MostRecentlyActiveProfile: name=Profile 1 path=C:\Coding\task\Assignments\ComplaintManagementSystem\.metadata\.plugins\org.eclipse.swt\EBWebView\Default lastActive=2026-10-03T16:54:34.196Z
2026-10-03 18:31:00.204: [INFO] OnDoneLoading sync enabled: 0
2026-10-03 18:31:00.204: [INFO] BookmarkModelLoaded, ids_reassigned: 0
2026-10-03 18:31:00.204: [INFO] BookmarksLoadDropped droppedNodes=0
2026-10-03 18:31:00.204: [INFO] BookmarksSnapshot Startup total=0 bar=0 other=0 mobile=0 showBar=0 showBarNTP=1
2026-10-03 18:32:45.800: [INFO] BookmarksSnapshot Shutdown total=0 bar=0 other=0 mobile=0 showBar=0 showBarNTP=1
2026-10-03 18:33:26.614: [INFO] CurrentProfilePath: C:\Coding\task\Assignments\ComplaintManagementSystem\.metadata\.plugins\org.eclipse.swt\EBWebView\Default
2026-10-03 18:33:26.614: [INFO] Profiles total count: 1
2026-10-03 18:33:26.614: [INFO] Profile: name=Profile 1 path=C:\Coding\task\Assignments\ComplaintManagementSystem\.metadata\.plugins\org.eclipse.swt\EBWebView\Default lastActive=2026-10-03T16:54:34.196Z
2026-10-03 18:33:26.614: [INFO] LastUsedProfileDir: C:\Coding\task\Assignments\ComplaintManagementSystem\.metadata\.plugins\org.eclipse.swt\EBWebView\Default
2026-10-03 18:33:26.614: [INFO] MostRecentlyActiveProfile: name=Profile 1 path=C:\Coding\task\Assignments\ComplaintManagementSystem\.metadata\.plugins\org.eclipse.swt\EBWebView\Default lastActive=2026-10-03T16:54:34.196Z
2026-10-03 18:33:26.614: [INFO] OnDoneLoading sync enabled: 0
2026-10-03 18:33:26.614: [INFO] BookmarkModelLoaded, ids_reassigned: 0
2026-10-03 18:33:26.614: [INFO] BookmarksLoadDropped droppedNodes=0
2026-10-03 18:33:26.614: [INFO] BookmarksSnapshot Startup total=0 bar=0 other=0 mobile=0 showBar=0 showBarNTP=1
2026-10-03 18:34:22.652: [INFO] BookmarksSnapshot Shutdown total=0 bar=0 other=0 mobile=0 showBar=0 showBarNTP=1
2026-10-03 18:35:02.695: [INFO] CurrentProfilePath: C:\Coding\task\Assignments\ComplaintManagementSystem\.metadata\.plugins\org.eclipse.swt\EBWebView\Default
2026-10-03 18:35:02.695: [INFO] Profiles total count: 1
2026-10-03 18:35:02.696: [INFO] Profile: name=Profile 1 path=C:\Coding\task\Assignments\ComplaintManagementSystem\.metadata\.plugins\org.eclipse.swt\EBWebView\Default lastActive=2026-10-03T16:54:34.196Z
2026-10-03 18:35:02.696: [INFO] LastUsedProfileDir: C:\Coding\task\Assignments\ComplaintManagementSystem\.metadata\.plugins\org.eclipse.swt\EBWebView\Default
2026-10-03 18:35:02.696: [INFO] MostRecentlyActiveProfile: name=Profile 1 path=C:\Coding\task\Assignments\ComplaintManagementSystem\.metadata\.plugins\org.eclipse.swt\EBWebView\Default lastActive=2026-10-03T16:54:34.196Z
2026-10-03 18:35:02.696: [INFO] OnDoneLoading sync enabled: 0
2026-10-03 18:35:02.696: [INFO] BookmarkModelLoaded, ids_reassigned: 0
2026-10-03 18:35:02.696: [INFO] BookmarksLoadDropped droppedNodes=0
2026-10-03 18:35:02.696: [INFO] BookmarksSnapshot Startup total=0 bar=0 other=0 mobile=0 showBar=0 showBarNTP=1
2026-10-03 18:37:00.828: [INFO] BookmarksSnapshot Shutdown total=0 bar=0 other=0 mobile=0 showBar=0 showBarNTP=1
2026-10-03 18:37:34.230: [INFO] CurrentProfilePath: C:\Coding\task\Assignments\ComplaintManagementSystem\.metadata\.plugins\org.eclipse.swt\EBWebView\Default
2026-10-03 18:37:34.230: [INFO] Profiles total count: 1
2026-10-03 18:37:34.230: [INFO] Profile: name=Profile 1 path=C:\Coding\task\Assignments\ComplaintManagementSystem\.metadata\.plugins\org.eclipse.swt\EBWebView\Default lastActive=2026-10-03T16:54:34.196Z
2026-10-03 18:37:34.230: [INFO] LastUsedProfileDir: C:\Coding\task\Assignments\ComplaintManagementSystem\.metadata\.plugins\org.eclipse.swt\EBWebView\Default
2026-10-03 18:37:34.230: [INFO] MostRecentlyActiveProfile: name=Profile 1 path=C:\Coding\task\Assignments\ComplaintManagementSystem\.metadata\.plugins\org.eclipse.swt\EBWebView\Default lastActive=2026-10-03T16:54:34.196Z
2026-10-03 18:37:34.230: [INFO] OnDoneLoading sync enabled: 0
2026-10-03 18:37:34.230: [INFO] BookmarkModelLoaded, ids_reassigned: 0
2026-10-03 18:37:34.230: [INFO] BookmarksLoadDropped droppedNodes=0
2026-10-03 18:37:34.230: [INFO] BookmarksSnapshot Startup total=0 bar=0 other=0 mobile=0 showBar=0 showBarNTP=1
